Microchip MPLAB XC8 Compiler V1.42 ()

Linker command line:

-W-3 --edf=C:\Program Files (x86)\Microchip\xc8\v1.42\dat\en_msgs.txt -cs \
  -h+dist/default/production\EntertainmentCenter.X.production.sym \
  --cmf=dist/default/production\EntertainmentCenter.X.production.cmf -z \
  -Q16F18855 -oC:\Users\C17239\AppData\Local\Temp\sdrc.2 \
  -Mdist/default/production/EntertainmentCenter.X.production.map -E1 \
  -ver=XC8 -ASTACK=0208Dh-023efh -pstack=STACK -ACODE=00h-07FFhx4 \
  -ASTRCODE=00h-01FFFh -ASTRING=00h-0FFhx32 -ACONST=00h-0FFhx32 \
  -AENTRY=00h-0FFhx32 -ACOMMON=070h-07Fh -ABANK0=020h-06Fh \
  -ABANK1=0A0h-0EFh -ABANK2=0120h-016Fh -ABANK3=01A0h-01EFh \
  -ABANK4=0220h-026Fh -ABANK5=02A0h-02EFh -ABANK6=0320h-036Fh \
  -ABANK7=03A0h-03EFh -ABANK8=0420h-046Fh -ABANK9=04A0h-04EFh \
  -ABANK10=0520h-056Fh -ABANK11=05A0h-05EFh -ABANK12=0620h-064Fh \
  -ABIGRAM=02000h-023EFh \
  -ARAM=020h-06Fh,0A0h-0EFh,0120h-016Fh,01A0h-01EFh,0220h-026Fh,02A0h-02EFh,0320h-036Fh,03A0h-03EFh,0420h-046Fh,04A0h-04EFh,0520h-056Fh,05A0h-05EFh,0620h-064Fh \
  -AABS1=020h-07Fh,0A0h-0EFh,0120h-016Fh,01A0h-01EFh,0220h-026Fh,02A0h-02EFh,0320h-036Fh,03A0h-03EFh,0420h-046Fh,04A0h-04EFh,0520h-056Fh,05A0h-05EFh,0620h-064Fh \
  -ASFR0=00h-01Fh -ASFR1=080h-09Fh -ASFR2=0100h-011Fh -ASFR3=0180h-019Fh \
  -ASFR4=0200h-021Fh -ASFR5=0280h-029Fh -ASFR6=0300h-031Fh \
  -ASFR7=0380h-039Fh -ASFR8=0400h-041Fh -ASFR9=0480h-049Fh \
  -ASFR10=0500h-051Fh -ASFR11=0580h-059Fh -ASFR12=0600h-061Fh \
  -ASFR13=0680h-06EFh -ASFR14=0700h-076Fh -ASFR15=0780h-07EFh \
  -ASFR16=0800h-086Fh -ASFR17=0880h-08EFh -ASFR18=0900h-096Fh \
  -ASFR19=0980h-09EFh -ASFR20=0A00h-0A6Fh -ASFR21=0A80h-0AEFh \
  -ASFR22=0B00h-0B6Fh -ASFR23=0B80h-0BEFh -ASFR24=0C00h-0C6Fh \
  -ASFR25=0C80h-0CEFh -ASFR26=0D00h-0D6Fh -ASFR27=0D80h-0DEFh \
  -ASFR28=0E00h-0E6Fh -ASFR29=0E80h-0EEFh -ASFR30=0F00h-0F6Fh \
  -ASFR31=0F80h-0FEFh -preset_vec=00h,intentry=04h,init,end_init \
  -ppowerup=CODE -pcinit=CODE -pfunctab=CODE -ACONFIG=08007h-0800Bh \
  -pconfig=CONFIG -DCONFIG=2 -AIDLOC=08000h-08003h -pidloc=IDLOC -DIDLOC=2 \
  -AEEDATA=00h-0FFh/0F000h -peeprom_data=EEDATA -DEEDATA=2 -DCODE=2 \
  -DSTRCODE=2 -DSTRING=2 -DCONST=2 -DENTRY=2 -k \
  C:\Users\C17239\AppData\Local\Temp\sdrc.obj \
  dist/default/production\EntertainmentCenter.X.production.obj 

Object code version is 3.11

Machine type is 16F18855



                Name                               Link     Load   Length Selector   Space Scale
C:\Users\C17239\AppData\Local\Temp\sdrc.obj
                end_init                             21       21        2        8       0
                reset_vec                             0        0        2        0       0
                config                             8007     8007        5    1000E       0
dist/default/production\EntertainmentCenter.X.production.obj
                cinit                                23       23      652        8       0
                intentry                              4        4       1D        8       0
                text114                             7FC      7FC        3        8       0
                text60                              F3D      F3D        5     1E7A       0
                text55                              F42      F42        5     1E84       0
                text54                              F47      F47        5     1E8E       0
                text44                              7D1      7D1       16        8       0
                text39                              7E7      7E7       15        8       0
                text38                              F6F      F6F       13     1EDE       0
                text37                              F63      F63        C     1EC6       0
                text36                              F58      F58        B     1EB0       0
                text34                              F82      F82       7E     1F04       0
                text33                              675      675      13C        8       0
                cstackBANK0                          20       20       3B       20       1
                cstackCOMMON                         70       70        A       70       1
                clrtext                             F4C      F4C        6     1E98       0
                inittext                            F52      F52        6     1EA4       0
                dataBANK1                            A0       A0       20       A0       1
                bssBANK1                             C0       C0       1D       A0       1
                bssBANK0                             5B       5B        4       20       1
                idataBANK1                          7B1      7B1       20        8       0

TOTAL           Name                               Link     Load   Length     Space
        CLASS   STACK          

        CLASS   CODE           
                end_init                             21       21        2         0
                cinit                                23       23      652         0
                intentry                              4        4       1D         0
                reset_vec                             0        0        2         0
                text114                             7FC      7FC        3         0
                text60                              F3D      F3D        5         0
                text55                              F42      F42        5         0
                text54                              F47      F47        5         0
                text44                              7D1      7D1       16         0
                text39                              7E7      7E7       15         0
                text38                              F6F      F6F       13         0
                text37                              F63      F63        C         0
                text36                              F58      F58        B         0
                text34                              F82      F82       7E         0
                text33                              675      675      13C         0
                clrtext                             F4C      F4C        6         0
                inittext                            F52      F52        6         0
                idataBANK1                          7B1      7B1       20         0

        CLASS   STRCODE        

        CLASS   STRING         

        CLASS   CONST          

        CLASS   ENTRY          

        CLASS   COMMON         
                cstackCOMMON                         70       70        A         1

        CLASS   BANK0          
                cstackBANK0                          20       20       3B         1
                bssBANK0                             5B       5B        4         1

        CLASS   BANK1          
                dataBANK1                            A0       A0       20         1
                bssBANK1                             C0       C0       1D         1

        CLASS   BANK2          

        CLASS   BANK3          

        CLASS   BANK4          

        CLASS   BANK5          

        CLASS   BANK6          

        CLASS   BANK7          

        CLASS   BANK8          

        CLASS   BANK9          

        CLASS   BANK10         

        CLASS   BANK11         

        CLASS   BANK12         

        CLASS   BIGRAM         

        CLASS   RAM            

        CLASS   ABS1           
                abs_s1                               7E       7E        2         1

        CLASS   SFR0           

        CLASS   SFR1           

        CLASS   SFR2           

        CLASS   SFR3           

        CLASS   SFR4           

        CLASS   SFR5           

        CLASS   SFR6           

        CLASS   SFR7           

        CLASS   SFR8           

        CLASS   SFR9           

        CLASS   SFR10          

        CLASS   SFR11          

        CLASS   SFR12          

        CLASS   SFR13          

        CLASS   SFR14          

        CLASS   SFR15          

        CLASS   SFR16          

        CLASS   SFR17          

        CLASS   SFR18          

        CLASS   SFR19          

        CLASS   SFR20          

        CLASS   SFR21          

        CLASS   SFR22          

        CLASS   SFR23          

        CLASS   SFR24          

        CLASS   SFR25          

        CLASS   SFR26          

        CLASS   SFR27          

        CLASS   SFR28          

        CLASS   SFR29          

        CLASS   SFR30          

        CLASS   SFR31          

        CLASS   CONFIG         
                config                             8007     8007        5         0

        CLASS   IDLOC          

        CLASS   EEDATA         

        CLASS   BANK31         

        CLASS   BANK30         

        CLASS   BANK29         

        CLASS   BANK28         

        CLASS   BANK27         

        CLASS   BANK26         

        CLASS   BANK25         

        CLASS   BANK24         

        CLASS   BANK23         

        CLASS   BANK22         

        CLASS   BANK21         

        CLASS   BANK20         

        CLASS   BANK19         

        CLASS   BANK18         

        CLASS   BANK17         

        CLASS   BANK16         

        CLASS   BANK15         

        CLASS   BANK14         

        CLASS   BANK13         



SEGMENTS        Name                           Load    Length   Top    Selector   Space  Class     Delta

                reset_vec                      000000  000002  000002         0       0  CODE        2
                intentry                       000004  0007FB  0007FF         8       0  CODE        2
                cstackBANK0                    000020  00003F  00005F        20       1  BANK0       1
                cstackCOMMON                   000070  00000A  00007A        70       1  COMMON      1
                dataBANK1                      0000A0  00003D  0000DD        A0       1  BANK1       1
                text60                         000F3D  000005  000F42      1E7A       0  CODE        2
                text55                         000F42  000005  000F47      1E84       0  CODE        2
                text54                         000F47  000005  000F4C      1E8E       0  CODE        2
                clrtext                        000F4C  000006  000F52      1E98       0  CODE        2
                inittext                       000F52  000006  000F58      1EA4       0  CODE        2
                text36                         000F58  00000B  000F63      1EB0       0  CODE        2
                text37                         000F63  00000C  000F6F      1EC6       0  CODE        2
                text38                         000F6F  000013  000F82      1EDE       0  CODE        2
                text34                         000F82  00007E  001000      1F04       0  CODE        2
                config                         008007  000005  00800C     1000E       0  CONFIG      2


UNUSED ADDRESS RANGES

        Name                Unused          Largest block    Delta
        BANK0            0005F-0006F              11           1
        BANK1            000DD-000EF              13           1
        BANK10           00520-0056F              50           1
        BANK11           005A0-005EF              50           1
        BANK12           00620-0064F              30           1
        BANK2            00120-0016F              50           1
        BANK3            001A0-001EF              50           1
        BANK4            00220-0026F              50           1
        BANK5            002A0-002EF              50           1
        BANK6            00320-0036F              50           1
        BANK7            003A0-003EF              50           1
        BANK8            00420-0046F              50           1
        BANK9            004A0-004EF              50           1
        BIGRAM           02000-023EF             3F0           1
        CODE             00002-00003               2           2
                         007FF-00F3C               1
                         01000-01FFF             800
        COMMON           0007A-0007D               4           1
        CONST            00002-00003               2           2
                         007FF-00F3C             100
                         01000-01FFF             100
        EEDATA           0F000-0F0FF             100           2
        ENTRY            00002-00003               2           2
                         007FF-00F3C             100
                         01000-01FFF             100
        IDLOC            08000-08003               4           2
        RAM              0005F-0006F              11           1
                         000DD-000EF              13
                         00120-0016F              50
                         001A0-001EF              50
                         00220-0026F              50
                         002A0-002EF              50
                         00320-0036F              50
                         003A0-003EF              50
                         00420-0046F              50
                         004A0-004EF              50
                         00520-0056F              50
                         005A0-005EF              50
                         00620-0064F              30
        SFR0             00000-0001F              20           1
        SFR1             00080-0009F              20           1
        SFR10            00500-0051F              20           1
        SFR11            00580-0059F              20           1
        SFR12            00600-0061F              20           1
        SFR13            00680-006EF              70           1
        SFR14            00700-0076F              70           1
        SFR15            00780-007EF              70           1
        SFR16            00800-0086F              70           1
        SFR17            00880-008EF              70           1
        SFR18            00900-0096F              70           1
        SFR19            00980-009EF              70           1
        SFR2             00100-0011F              20           1
        SFR20            00A00-00A6F              70           1
        SFR21            00A80-00AEF              70           1
        SFR22            00B00-00B6F              70           1
        SFR23            00B80-00BEF              70           1
        SFR24            00C00-00C6F              70           1
        SFR25            00C80-00CEF              70           1
        SFR26            00D00-00D6F              70           1
        SFR27            00D80-00DEF              70           1
        SFR28            00E00-00E6F              70           1
        SFR29            00E80-00EEF              70           1
        SFR3             00180-0019F              20           1
        SFR30            00F00-00F6F              70           1
        SFR31            00F80-00FEF              70           1
        SFR4             00200-0021F              20           1
        SFR5             00280-0029F              20           1
        SFR6             00300-0031F              20           1
        SFR7             00380-0039F              20           1
        SFR8             00400-0041F              20           1
        SFR9             00480-0049F              20           1
        STACK            0208D-023EF             363           1
        STRCODE          00002-00003               2           2
                         007FF-00F3C             73E
                         01000-01FFF            1000
        STRING           00002-00003               2           2
                         007FF-00F3C             100
                         01000-01FFF             100

                                  Symbol Table

?_Thermo5_ReadTemperature                cstackBANK0  00043
?___ftadd                                cstackBANK0  00028
?___ftdiv                                cstackBANK0  00034
?___ftmul                                cstackBANK0  00028
?___ftpack                               cstackBANK0  00020
?___ftsub                                cstackBANK0  00037
?___fttol                                cstackBANK0  00020
?___lwtoft                               cstackBANK0  00028
PIN_MANAGER_Initialize@state             cstackBANK0  00020
PL253                                    cinit        00653
PL255                                    cinit        0065A
PL257                                    cinit        00661
PL259                                    cinit        00667
PL261                                    cinit        0066D
PL263                                    text44       007E3
PL265                                    cinit        00671
Read_Thermo_Register@addr                cstackBANK0  00032
Read_Thermo_Register@data                cstackBANK0  00033
Thermo5_ReadTemperature@dataH            cstackBANK0  0004B
Thermo5_ReadTemperature@dataL            cstackBANK0  0004D
Thermo5_ReadTemperature@sensor           cstackBANK0  0004A
Thermo5_ReadTemperature@temp             cstackBANK0  0004F
Thermo5_SetHysteresis@hysteresis         cstackBANK0  00031
Write_Thermo_Register@addr               cstackBANK0  00030
Write_Thermo_Register@val                cstackBANK0  0002F
_ANSELA                                  (abs)        00F38
_ANSELB                                  (abs)        00F43
_ANSELC                                  (abs)        00F4E
_GIE                                     (abs)        0005F
_INTCONbits                              (abs)        0000B
_INTERRUPT_InterruptManager              intentry     00004
_LATA                                    (abs)        00016
_LATB                                    (abs)        00017
_LATC                                    (abs)        00018
_ODCONA                                  (abs)        00F3A
_ODCONB                                  (abs)        00F45
_ODCONC                                  (abs)        00F50
_OSCCON1                                 (abs)        0088D
_OSCCON3                                 (abs)        0088F
_OSCEN                                   (abs)        00891
_OSCFRQ                                  (abs)        00893
_OSCILLATOR_Initialize                   cinit        000F1
_OSCTUNE                                 (abs)        00892
_PIE3bits                                (abs)        00719
_PIN_MANAGER_Initialize                  cinit        000FA
_PIR3bits                                (abs)        0070F
_PPSLOCK                                 (abs)        00E8F
_PPSLOCKbits                             (abs)        00E8F
_RC3PPS                                  (abs)        00F23
_RC4PPS                                  (abs)        00F24
_Read_Thermo_Register                    cinit        001F2
_SSP1ADD                                 (abs)        0018D
_SSP1BUF                                 (abs)        0018C
_SSP1CLKPPSbits                          (abs)        00EC5
_SSP1CON1                                (abs)        00190
_SSP1CON1bits                            (abs)        00190
_SSP1CON2                                (abs)        00191
_SSP1CON2bits                            (abs)        00191
_SSP1DATPPSbits                          (abs)        00EC6
_SSP1STAT                                (abs)        0018F
_SYSTEM_Initialize                       cinit        000EA
_TRISA                                   (abs)        00011
_TRISB                                   (abs)        00012
_TRISC                                   (abs)        00013
_Thermo5_Initialize                      cinit        003DC
_Thermo5_ReadTemperature                 cinit        0018A
_Thermo5_SetHysteresis                   cinit        003FC
_WPUA                                    (abs)        00F39
_WPUB                                    (abs)        00F44
_WPUC                                    (abs)        00F4F
_WPUE                                    (abs)        00F65
_Write_Thermo_Register                   cinit        003E8
__CFG_BOREN$ON                           (abs)        00000
__CFG_BORV$LO                            (abs)        00000
__CFG_CLKOUTEN$OFF                       (abs)        00000
__CFG_CP$OFF                             (abs)        00000
__CFG_CPD$OFF                            (abs)        00000
__CFG_CSWEN$ON                           (abs)        00000
__CFG_DEBUG$OFF                          (abs)        00000
__CFG_FCMEN$ON                           (abs)        00000
__CFG_FEXTOSC$OFF                        (abs)        00000
__CFG_LPBOREN$OFF                        (abs)        00000
__CFG_LVP$ON                             (abs)        00000
__CFG_MCLRE$ON                           (abs)        00000
__CFG_PPS1WAY$ON                         (abs)        00000
__CFG_PWRTE$OFF                          (abs)        00000
__CFG_RSTOSC$HFINT1                      (abs)        00000
__CFG_SCANE$available                    (abs)        00000
__CFG_STVREN$ON                          (abs)        00000
__CFG_WDTCCS$SC                          (abs)        00000
__CFG_WDTCPS$WDTCPS_31                   (abs)        00000
__CFG_WDTCWS$WDTCWS_7                    (abs)        00000
__CFG_WDTE$OFF                           (abs)        00000
__CFG_WRT$OFF                            (abs)        00000
__CFG_ZCD$OFF                            (abs)        00000
__Habs1                                  abs1         00000
__Hbank0                                 bank0        00000
__Hbank1                                 bank1        00000
__Hbank10                                bank10       00000
__Hbank11                                bank11       00000
__Hbank12                                bank12       00000
__Hbank13                                bank13       00000
__Hbank14                                bank14       00000
__Hbank15                                bank15       00000
__Hbank16                                bank16       00000
__Hbank17                                bank17       00000
__Hbank18                                bank18       00000
__Hbank19                                bank19       00000
__Hbank2                                 bank2        00000
__Hbank20                                bank20       00000
__Hbank21                                bank21       00000
__Hbank22                                bank22       00000
__Hbank23                                bank23       00000
__Hbank24                                bank24       00000
__Hbank25                                bank25       00000
__Hbank26                                bank26       00000
__Hbank27                                bank27       00000
__Hbank28                                bank28       00000
__Hbank29                                bank29       00000
__Hbank3                                 bank3        00000
__Hbank30                                bank30       00000
__Hbank31                                bank31       00000
__Hbank4                                 bank4        00000
__Hbank5                                 bank5        00000
__Hbank6                                 bank6        00000
__Hbank7                                 bank7        00000
__Hbank8                                 bank8        00000
__Hbank9                                 bank9        00000
__Hbigram                                bigram       00000
__HbssBANK0                              bssBANK0     00000
__HbssBANK1                              bssBANK1     00000
__Hcinit                                 cinit        00675
__Hclrtext                               clrtext      00000
__Hcode                                  code         00000
__Hcommon                                common       00000
__Hconfig                                config       0800C
__HcstackBANK0                           cstackBANK0  00000
__HcstackCOMMON                          cstackCOMMON 00000
__HdataBANK1                             dataBANK1    00000
__Heeprom_data                           eeprom_data  00000
__Hend_init                              end_init     00023
__Hfunctab                               functab      00000
__HidataBANK1                            idataBANK1   00000
__Hidloc                                 idloc        00000
__Hinit                                  init         00021
__Hinittext                              inittext     00000
__Hintentry                              intentry     00021
__Hmaintext                              maintext     00000
__Hpa_nodes0                             pa_nodes0    00000
__Hpowerup                               powerup      00000
__Hram                                   ram          00000
__Hreset_vec                             reset_vec    00002
__Hsfr0                                  sfr0         00000
__Hsfr1                                  sfr1         00000
__Hsfr10                                 sfr10        00000
__Hsfr11                                 sfr11        00000
__Hsfr12                                 sfr12        00000
__Hsfr13                                 sfr13        00000
__Hsfr14                                 sfr14        00000
__Hsfr15                                 sfr15        00000
__Hsfr16                                 sfr16        00000
__Hsfr17                                 sfr17        00000
__Hsfr18                                 sfr18        00000
__Hsfr19                                 sfr19        00000
__Hsfr2                                  sfr2         00000
__Hsfr20                                 sfr20        00000
__Hsfr21                                 sfr21        00000
__Hsfr22                                 sfr22        00000
__Hsfr23                                 sfr23        00000
__Hsfr24                                 sfr24        00000
__Hsfr25                                 sfr25        00000
__Hsfr26                                 sfr26        00000
__Hsfr27                                 sfr27        00000
__Hsfr28                                 sfr28        00000
__Hsfr29                                 sfr29        00000
__Hsfr3                                  sfr3         00000
__Hsfr30                                 sfr30        00000
__Hsfr31                                 sfr31        00000
__Hsfr4                                  sfr4         00000
__Hsfr5                                  sfr5         00000
__Hsfr6                                  sfr6         00000
__Hsfr7                                  sfr7         00000
__Hsfr8                                  sfr8         00000
__Hsfr9                                  sfr9         00000
__Hspace_0                               (abs)        0800C
__Hspace_1                               (abs)        000DD
__Hspace_2                               (abs)        00000
__Hspace_3                               (abs)        00000
__Hstack                                 stack        00000
__Hstrings                               strings      00000
__Htext                                  text         00000
__Labs1                                  abs1         00000
__Lbank0                                 bank0        00000
__Lbank1                                 bank1        00000
__Lbank10                                bank10       00000
__Lbank11                                bank11       00000
__Lbank12                                bank12       00000
__Lbank13                                bank13       00000
__Lbank14                                bank14       00000
__Lbank15                                bank15       00000
__Lbank16                                bank16       00000
__Lbank17                                bank17       00000
__Lbank18                                bank18       00000
__Lbank19                                bank19       00000
__Lbank2                                 bank2        00000
__Lbank20                                bank20       00000
__Lbank21                                bank21       00000
__Lbank22                                bank22       00000
__Lbank23                                bank23       00000
__Lbank24                                bank24       00000
__Lbank25                                bank25       00000
__Lbank26                                bank26       00000
__Lbank27                                bank27       00000
__Lbank28                                bank28       00000
__Lbank29                                bank29       00000
__Lbank3                                 bank3        00000
__Lbank30                                bank30       00000
__Lbank31                                bank31       00000
__Lbank4                                 bank4        00000
__Lbank5                                 bank5        00000
__Lbank6                                 bank6        00000
__Lbank7                                 bank7        00000
__Lbank8                                 bank8        00000
__Lbank9                                 bank9        00000
__Lbigram                                bigram       00000
__LbssBANK0                              bssBANK0     00000
__LbssBANK1                              bssBANK1     00000
__Lcinit                                 cinit        00023
__Lclrtext                               clrtext      00000
__Lcode                                  code         00000
__Lcommon                                common       00000
__Lconfig                                config       08007
__LcstackBANK0                           cstackBANK0  00000
__LcstackCOMMON                          cstackCOMMON 00000
__LdataBANK1                             dataBANK1    00000
__Leeprom_data                           eeprom_data  00000
__Lend_init                              end_init     00021
__Lfunctab                               functab      00000
__LidataBANK1                            idataBANK1   00000
__Lidloc                                 idloc        00000
__Linit                                  init         00021
__Linittext                              inittext     00000
__Lintentry                              intentry     00004
__Lmaintext                              maintext     00000
__Lpa_nodes0                             pa_nodes0    00000
__Lpowerup                               powerup      00000
__Lram                                   ram          00000
__Lreset_vec                             reset_vec    00000
__Lsfr0                                  sfr0         00000
__Lsfr1                                  sfr1         00000
__Lsfr10                                 sfr10        00000
__Lsfr11                                 sfr11        00000
__Lsfr12                                 sfr12        00000
__Lsfr13                                 sfr13        00000
__Lsfr14                                 sfr14        00000
__Lsfr15                                 sfr15        00000
__Lsfr16                                 sfr16        00000
__Lsfr17                                 sfr17        00000
__Lsfr18                                 sfr18        00000
__Lsfr19                                 sfr19        00000
__Lsfr2                                  sfr2         00000
__Lsfr20                                 sfr20        00000
__Lsfr21                                 sfr21        00000
__Lsfr22                                 sfr22        00000
__Lsfr23                                 sfr23        00000
__Lsfr24                                 sfr24        00000
__Lsfr25                                 sfr25        00000
__Lsfr26                                 sfr26        00000
__Lsfr27                                 sfr27        00000
__Lsfr28                                 sfr28        00000
__Lsfr29                                 sfr29        00000
__Lsfr3                                  sfr3         00000
__Lsfr30                                 sfr30        00000
__Lsfr31                                 sfr31        00000
__Lsfr4                                  sfr4         00000
__Lsfr5                                  sfr5         00000
__Lsfr6                                  sfr6         00000
__Lsfr7                                  sfr7         00000
__Lsfr8                                  sfr8         00000
__Lsfr9                                  sfr9         00000
__Lspace_0                               (abs)        00000
__Lspace_1                               (abs)        00000
__Lspace_2                               (abs)        00000
__Lspace_3                               (abs)        00000
__Lstack                                 stack        00000
__Lstrings                               strings      00000
__Ltext                                  text         00000
__S0                                     (abs)        0800C
__S1                                     (abs)        000DD
__S2                                     (abs)        00000
__S3                                     (abs)        00000
___ftadd                                 cinit        002A2
___ftadd@exp1                            cstackBANK0  00033
___ftadd@exp2                            cstackBANK0  00032
___ftadd@f1                              cstackBANK0  00028
___ftadd@f2                              cstackBANK0  0002B
___ftadd@sign                            cstackBANK0  00031
___ftdiv                                 cinit        0012E
___ftdiv@cntr                            cstackBANK0  0003D
___ftdiv@exp                             cstackBANK0  00041
___ftdiv@f1                              cstackBANK0  00037
___ftdiv@f2                              cstackBANK0  00034
___ftdiv@f3                              cstackBANK0  0003E
___ftdiv@sign                            cstackBANK0  00042
___ftge                                  cinit        000BE
___ftge@ff1                              cstackBANK0  00020
___ftge@ff2                              cstackBANK0  00023
___ftmul                                 cinit        00246
___ftmul@cntr                            cstackBANK0  00035
___ftmul@exp                             cstackBANK0  00031
___ftmul@f1                              cstackBANK0  00028
___ftmul@f2                              cstackBANK0  0002B
___ftmul@f3_as_product                   cstackBANK0  00032
___ftmul@sign                            cstackBANK0  00036
___ftpack                                cinit        00208
___ftpack@arg                            cstackBANK0  00020
___ftpack@exp                            cstackBANK0  00023
___ftpack@sign                           cstackBANK0  00024
___ftsub                                 cinit        00350
___ftsub@f1                              cstackBANK0  0003A
___ftsub@f2                              cstackBANK0  00037
___fttol                                 cinit        0036B
___fttol@exp1                            cstackBANK0  0002C
___fttol@f1                              cstackBANK0  00020
___fttol@lval                            cstackBANK0  00028
___fttol@sign1                           cstackBANK0  00027
___int_sp                                stack        00000
___latbits                               (abs)        00002
___lwtoft                                cinit        001F8
___lwtoft@c                              cstackBANK0  00028
___sp                                    stack        00000
__end_ofPL253                            cinit        0065A
__end_ofPL255                            cinit        00661
__end_ofPL257                            cinit        00667
__end_ofPL259                            cinit        0066D
__end_ofPL261                            cinit        00671
__end_ofPL263                            text44       007E7
__end_ofPL265                            cinit        00675
__end_of_INTERRUPT_InterruptManager      intentry     00021
__end_of_OSCILLATOR_Initialize           cinit        000FA
__end_of_PIN_MANAGER_Initialize          cinit        0012E
__end_of_Read_Thermo_Register            cinit        001F8
__end_of_SYSTEM_Initialize               cinit        000F1
__end_of_Thermo5_Initialize              cinit        003E8
__end_of_Thermo5_ReadTemperature         cinit        001F2
__end_of_Thermo5_SetHysteresis           cinit        00400
__end_of_Write_Thermo_Register           cinit        003EE
__end_of___ftadd                         cinit        00350
__end_of___ftdiv                         cinit        0018A
__end_of___ftge                          cinit        000EA
__end_of___ftmul                         cinit        002A2
__end_of___ftpack                        cinit        00246
__end_of___ftsub                         cinit        0036B
__end_of___fttol                         cinit        003C0
__end_of___lwtoft                        cinit        00208
__end_of__initialization                 cinit        0003B
__end_of_do_I2C_DO_ACK                   text36       00F5F
__end_of_do_I2C_DO_ADDRESS_NACK          text33       00691
__end_of_do_I2C_DO_NACK_RESTART          text34       00F87
__end_of_do_I2C_DO_NACK_STOP             text34       00FFC
__end_of_do_I2C_IDLE                     text44       007D5
__end_of_do_I2C_RCEN                     text37       00F6A
__end_of_do_I2C_RESET                    text44       007DE
__end_of_do_I2C_RX                       text34       00FBB
__end_of_do_I2C_SEND_ADR_READ            text39       007F3
__end_of_do_I2C_SEND_ADR_WRITE           text38       00F7A
__end_of_do_I2C_SEND_RESTART             text33       007B1
__end_of_do_I2C_SEND_RESTART_READ        text33       0079E
__end_of_do_I2C_SEND_RESTART_WRITE       text33       006F8
__end_of_do_I2C_SEND_STOP                text33       007A6
__end_of_do_I2C_TX                       text33       00746
__end_of_do_I2C_TX_EMPTY                 text33       006D0
__end_of_fan_Initialize                  cinit        003FC
__end_of_fan_setSpeed                    cinit        003D6
__end_of_fan_write                       cinit        003DC
__end_of_i2c1_driver_TXData              text49       00000
__end_of_i2c1_driver_clearBusCollision   text115      00000
__end_of_i2c1_driver_getRXData           text50       00000
__end_of_i2c1_driver_isNACK              cinit        00627
__end_of_i2c1_driver_open                cinit        00653
__end_of_i2c1_driver_resetBus            text52       00000
__end_of_i2c1_driver_restart             text33       007A1
__end_of_i2c1_driver_sendACK             text67       00000
__end_of_i2c1_driver_sendNACK            text34       01000
__end_of_i2c1_driver_setBusCollisionISR  text23       00000
__end_of_i2c1_driver_setI2cISR           text22       00000
__end_of_i2c1_driver_start               text68       00000
__end_of_i2c1_driver_startRX             text53       00000
__end_of_i2c1_driver_stop                text33       007A9
__end_of_i2c_ISR                         cinit        00617
__end_of_i2c_busCollisionISR             text114      007FF
__end_of_i2c_close                       cinit        004E6
__end_of_i2c_masterOperation             cinit        005FB
__end_of_i2c_masterWrite                 cinit        00502
__end_of_i2c_open                        cinit        00547
__end_of_i2c_poller                      text28       00000
__end_of_i2c_read1ByteRegister           cinit        004D4
__end_of_i2c_restartWrite                text60       00F41
__end_of_i2c_setAddressNACKCallback      cinit        0054F
__end_of_i2c_setBuffer                   cinit        004F8
__end_of_i2c_setDataCompleteCallback     cinit        00500
__end_of_i2c_write1ByteRegister          cinit        0049D
__end_of_main                            cinit        000BE
__end_of_mssp1_IRQisEnabled              text27       00000
__end_of_mssp1_clearIRQ                  cinit        0061A
__end_of_mssp1_disableIRQ                text70       00000
__end_of_mssp1_setIRQ                    text47       00000
__end_of_mssp1_waitForEvent              text29       00000
__end_of_rd1RegCompleteHandler           cinit        00441
__end_of_rd2RegCompleteHandler           cinit        00431
__end_of_rdBlkRegCompleteHandler         cinit        00478
__end_of_returnReset                     text54       00F4B
__end_of_returnStop                      text55       00F46
__end_of_setCallBack                     cinit        0056F
__end_of_wr1RegCompleteHandler           cinit        00451
__end_of_wr2RegCompleteHandler           cinit        00461
__end_ofi1_do_I2C_DO_ACK                 text36       00F63
__end_ofi1_do_I2C_DO_ADDRESS_NACK        text33       006AD
__end_ofi1_do_I2C_DO_NACK_RESTART        text34       00FF7
__end_ofi1_do_I2C_DO_NACK_STOP           text34       00FF3
__end_ofi1_do_I2C_IDLE                   text44       007DA
__end_ofi1_do_I2C_RCEN                   text37       00F6F
__end_ofi1_do_I2C_RESET                  text44       007E3
__end_ofi1_do_I2C_RX                     text34       00FEF
__end_ofi1_do_I2C_SEND_ADR_READ          text39       007FC
__end_ofi1_do_I2C_SEND_ADR_WRITE         text38       00F82
__end_ofi1_do_I2C_SEND_RESTART           text33       007AC
__end_ofi1_do_I2C_SEND_RESTART_READ      text33       00793
__end_ofi1_do_I2C_SEND_RESTART_WRITE     text33       00796
__end_ofi1_do_I2C_SEND_STOP              text33       00799
__end_ofi1_do_I2C_TX                     text33       00790
__end_ofi1_do_I2C_TX_EMPTY               text33       006F3
__end_ofi1_i2c1_driver_TXData            text95       00000
__end_ofi1_i2c1_driver_getRXData         text96       00000
__end_ofi1_i2c1_driver_isNACK            text94       00000
__end_ofi1_i2c1_driver_resetBus          text98       00000
__end_ofi1_i2c1_driver_restart           text112      00000
__end_ofi1_i2c1_driver_sendACK           text113      00000
__end_ofi1_i2c1_driver_sendNACK          text97       00000
__end_ofi1_i2c1_driver_startRX           text99       00000
__end_ofi1_i2c1_driver_stop              text111      00000
__end_ofi1_i2c_ISR                       cinit        00649
__end_ofi1_i2c_restartWrite              text60       00F42
__end_ofi1_i2c_setBuffer                 cinit        00598
__end_ofi1_i2c_setDataCompleteCallback   cinit        005A1
__end_ofi1_mssp1_clearIRQ                text76       00000
__end_ofi1_mssp1_setIRQ                  text93       00000
__end_ofi1_rd1RegCompleteHandler         cinit        00416
__end_ofi1_rd2RegCompleteHandler         cinit        0040B
__end_ofi1_rdBlkRegCompleteHandler       cinit        0058C
__end_ofi1_returnReset                   text54       00F4C
__end_ofi1_returnStop                    text55       00F47
__end_ofi1_setCallBack                   cinit        005C1
__end_ofi1_wr1RegCompleteHandler         cinit        00421
__end_ofi1_wr2RegCompleteHandler         cinit        0057A
__initialization                         cinit        00023
__pbssBANK0                              bssBANK0     0005B
__pbssBANK1                              bssBANK1     000C0
__pcstackBANK0                           cstackBANK0  00020
__pcstackCOMMON                          cstackCOMMON 00070
__pdataBANK1                             dataBANK1    000A0
__pidataBANK1                            idataBANK1   007B1
__pintentry                              intentry     00004
__pmaintext                              cinit        0003E
__ptext1                                 cinit        003C0
__ptext10                                cinit        00208
__ptext100                               text60       00F41
__ptext101                               text54       00F4B
__ptext102                               text55       00F46
__ptext103                               cinit        0057A
__ptext104                               cinit        00400
__ptext105                               cinit        0040B
__ptext106                               cinit        00416
__ptext107                               cinit        0056F
__ptext108                               cinit        00598
__ptext109                               cinit        005A1
__ptext11                                cinit        001F2
__ptext110                               cinit        0058C
__ptext111                               text111      00000
__ptext112                               text112      00000
__ptext113                               text113      00000
__ptext114                               text114      007FC
__ptext115                               text115      00000
__ptext12                                cinit        0049D
__ptext13                                cinit        000EA
__ptext14                                cinit        003EE
__ptext15                                cinit        003D6
__ptext16                                cinit        003DC
__ptext17                                cinit        003FC
__ptext18                                cinit        003E8
__ptext19                                cinit        00478
__ptext2                                 cinit        0036B
__ptext20                                cinit        00547
__ptext21                                cinit        00502
__ptext22                                text22       00000
__ptext23                                text23       00000
__ptext24                                cinit        00649
__ptext25                                cinit        00500
__ptext26                                cinit        005C1
__ptext27                                text27       00000
__ptext28                                text28       00000
__ptext29                                text29       00000
__ptext3                                 cinit        00350
__ptext30                                cinit        005FB
__ptext31                                text34       00F87
__ptext32                                text33       006F8
__ptext33                                text33       00675
__ptext34                                text34       00F82
__ptext35                                text34       00FF7
__ptext36                                text36       00F58
__ptext37                                text37       00F63
__ptext38                                text38       00F6F
__ptext39                                text39       007E7
__ptext4                                 cinit        002A2
__ptext40                                text33       007A1
__ptext41                                text33       007AC
__ptext42                                text33       006F3
__ptext43                                text33       00799
__ptext44                                text44       007D1
__ptext45                                text44       007DA
__ptext46                                text33       006AD
__ptext47                                text47       00000
__ptext48                                cinit        0061A
__ptext49                                text49       00000
__ptext5                                 cinit        00246
__ptext50                                text50       00000
__ptext51                                text34       00FFC
__ptext52                                text52       00000
__ptext53                                text53       00000
__ptext54                                text54       00F47
__ptext55                                text55       00F42
__ptext56                                cinit        00461
__ptext57                                cinit        00421
__ptext58                                cinit        00431
__ptext59                                cinit        00441
__ptext6                                 cinit        000BE
__ptext60                                text60       00F3D
__ptext61                                cinit        00451
__ptext62                                cinit        004F8
__ptext63                                cinit        0054F
__ptext64                                cinit        004E6
__ptext65                                text33       007A6
__ptext66                                text33       0079E
__ptext67                                text67       00000
__ptext68                                text68       00000
__ptext69                                cinit        004D4
__ptext7                                 cinit        0018A
__ptext70                                text70       00000
__ptext71                                cinit        00617
__ptext72                                cinit        000FA
__ptext73                                cinit        000F1
__ptext75                                cinit        00627
__ptext76                                text76       00000
__ptext77                                text34       00FBB
__ptext78                                text33       00746
__ptext79                                text33       00691
__ptext8                                 cinit        001F8
__ptext80                                text34       00FF3
__ptext81                                text34       00FEF
__ptext82                                text36       00F5F
__ptext83                                text37       00F6A
__ptext84                                text38       00F7A
__ptext85                                text39       007F3
__ptext86                                text33       00796
__ptext87                                text33       007A9
__ptext88                                text33       00793
__ptext89                                text33       00790
__ptext9                                 cinit        0012E
__ptext90                                text44       007D5
__ptext91                                text44       007DE
__ptext92                                text33       006D0
__ptext93                                text93       00000
__ptext94                                text94       00000
__ptext95                                text95       00000
__ptext96                                text96       00000
__ptext97                                text97       00000
__ptext98                                text98       00000
__ptext99                                text99       00000
__size_of_INTERRUPT_InterruptManager     (abs)        00000
__size_of_OSCILLATOR_Initialize          (abs)        00000
__size_of_PIN_MANAGER_Initialize         (abs)        00000
__size_of_Read_Thermo_Register           (abs)        00000
__size_of_SYSTEM_Initialize              (abs)        00000
__size_of_Thermo5_Initialize             (abs)        00000
__size_of_Thermo5_ReadTemperature        (abs)        00000
__size_of_Thermo5_SetHysteresis          (abs)        00000
__size_of_Write_Thermo_Register          (abs)        00000
__size_of___ftadd                        (abs)        00000
__size_of___ftdiv                        (abs)        00000
__size_of___ftge                         (abs)        00000
__size_of___ftmul                        (abs)        00000
__size_of___ftpack                       (abs)        00000
__size_of___ftsub                        (abs)        00000
__size_of___fttol                        (abs)        00000
__size_of___lwtoft                       (abs)        00000
__size_of_do_I2C_DO_ACK                  (abs)        00000
__size_of_do_I2C_DO_ADDRESS_NACK         (abs)        00000
__size_of_do_I2C_DO_NACK_RESTART         (abs)        00000
__size_of_do_I2C_DO_NACK_STOP            (abs)        00000
__size_of_do_I2C_IDLE                    (abs)        00000
__size_of_do_I2C_RCEN                    (abs)        00000
__size_of_do_I2C_RESET                   (abs)        00000
__size_of_do_I2C_RX                      (abs)        00000
__size_of_do_I2C_SEND_ADR_READ           (abs)        00000
__size_of_do_I2C_SEND_ADR_WRITE          (abs)        00000
__size_of_do_I2C_SEND_RESTART            (abs)        00000
__size_of_do_I2C_SEND_RESTART_READ       (abs)        00000
__size_of_do_I2C_SEND_RESTART_WRITE      (abs)        00000
__size_of_do_I2C_SEND_STOP               (abs)        00000
__size_of_do_I2C_TX                      (abs)        00000
__size_of_do_I2C_TX_EMPTY                (abs)        00000
__size_of_fan_Initialize                 (abs)        00000
__size_of_fan_setSpeed                   (abs)        00000
__size_of_fan_write                      (abs)        00000
__size_of_i2c1_driver_TXData             (abs)        00000
__size_of_i2c1_driver_clearBusCollision  (abs)        00000
__size_of_i2c1_driver_getRXData          (abs)        00000
__size_of_i2c1_driver_isNACK             (abs)        00000
__size_of_i2c1_driver_open               (abs)        00000
__size_of_i2c1_driver_resetBus           (abs)        00000
__size_of_i2c1_driver_restart            (abs)        00000
__size_of_i2c1_driver_sendACK            (abs)        00000
__size_of_i2c1_driver_sendNACK           (abs)        00000
__size_of_i2c1_driver_setBusCollisionISR (abs)        00000
__size_of_i2c1_driver_setI2cISR          (abs)        00000
__size_of_i2c1_driver_start              (abs)        00000
__size_of_i2c1_driver_startRX            (abs)        00000
__size_of_i2c1_driver_stop               (abs)        00000
__size_of_i2c_ISR                        (abs)        00000
__size_of_i2c_busCollisionISR            (abs)        00000
__size_of_i2c_close                      (abs)        00000
__size_of_i2c_masterOperation            (abs)        00000
__size_of_i2c_masterWrite                (abs)        00000
__size_of_i2c_open                       (abs)        00000
__size_of_i2c_poller                     (abs)        00000
__size_of_i2c_read1ByteRegister          (abs)        00000
__size_of_i2c_restartWrite               (abs)        00000
__size_of_i2c_setAddressNACKCallback     (abs)        00000
__size_of_i2c_setBuffer                  (abs)        00000
__size_of_i2c_setDataCompleteCallback    (abs)        00000
__size_of_i2c_write1ByteRegister         (abs)        00000
__size_of_main                           (abs)        00000
__size_of_mssp1_IRQisEnabled             (abs)        00000
__size_of_mssp1_clearIRQ                 (abs)        00000
__size_of_mssp1_disableIRQ               (abs)        00000
__size_of_mssp1_setIRQ                   (abs)        00000
__size_of_mssp1_waitForEvent             (abs)        00000
__size_of_rd1RegCompleteHandler          (abs)        00000
__size_of_rd2RegCompleteHandler          (abs)        00000
__size_of_rdBlkRegCompleteHandler        (abs)        00000
__size_of_returnReset                    (abs)        00000
__size_of_returnStop                     (abs)        00000
__size_of_setCallBack                    (abs)        00000
__size_of_wr1RegCompleteHandler          (abs)        00000
__size_of_wr2RegCompleteHandler          (abs)        00000
__size_ofi1_do_I2C_DO_ACK                (abs)        00000
__size_ofi1_do_I2C_DO_ADDRESS_NACK       (abs)        00000
__size_ofi1_do_I2C_DO_NACK_RESTART       (abs)        00000
__size_ofi1_do_I2C_DO_NACK_STOP          (abs)        00000
__size_ofi1_do_I2C_IDLE                  (abs)        00000
__size_ofi1_do_I2C_RCEN                  (abs)        00000
__size_ofi1_do_I2C_RESET                 (abs)        00000
__size_ofi1_do_I2C_RX                    (abs)        00000
__size_ofi1_do_I2C_SEND_ADR_READ         (abs)        00000
__size_ofi1_do_I2C_SEND_ADR_WRITE        (abs)        00000
__size_ofi1_do_I2C_SEND_RESTART          (abs)        00000
__size_ofi1_do_I2C_SEND_RESTART_READ     (abs)        00000
__size_ofi1_do_I2C_SEND_RESTART_WRITE    (abs)        00000
__size_ofi1_do_I2C_SEND_STOP             (abs)        00000
__size_ofi1_do_I2C_TX                    (abs)        00000
__size_ofi1_do_I2C_TX_EMPTY              (abs)        00000
__size_ofi1_i2c1_driver_TXData           (abs)        00000
__size_ofi1_i2c1_driver_getRXData        (abs)        00000
__size_ofi1_i2c1_driver_isNACK           (abs)        00000
__size_ofi1_i2c1_driver_resetBus         (abs)        00000
__size_ofi1_i2c1_driver_restart          (abs)        00000
__size_ofi1_i2c1_driver_sendACK          (abs)        00000
__size_ofi1_i2c1_driver_sendNACK         (abs)        00000
__size_ofi1_i2c1_driver_startRX          (abs)        00000
__size_ofi1_i2c1_driver_stop             (abs)        00000
__size_ofi1_i2c_ISR                      (abs)        00000
__size_ofi1_i2c_restartWrite             (abs)        00000
__size_ofi1_i2c_setBuffer                (abs)        00000
__size_ofi1_i2c_setDataCompleteCallback  (abs)        00000
__size_ofi1_mssp1_clearIRQ               (abs)        00000
__size_ofi1_mssp1_setIRQ                 (abs)        00000
__size_ofi1_rd1RegCompleteHandler        (abs)        00000
__size_ofi1_rd2RegCompleteHandler        (abs)        00000
__size_ofi1_rdBlkRegCompleteHandler      (abs)        00000
__size_ofi1_returnReset                  (abs)        00000
__size_ofi1_returnStop                   (abs)        00000
__size_ofi1_setCallBack                  (abs)        00000
__size_ofi1_wr1RegCompleteHandler        (abs)        00000
__size_ofi1_wr2RegCompleteHandler        (abs)        00000
_do_I2C_DO_ACK                           text36       00F58
_do_I2C_DO_ACK$intlevel0                 text36       00F5B
_do_I2C_DO_ADDRESS_NACK                  text33       00675
_do_I2C_DO_ADDRESS_NACK$intlevel0        text33       00678
_do_I2C_DO_NACK_RESTART                  text34       00F82
_do_I2C_DO_NACK_RESTART$intlevel0        text34       00F85
_do_I2C_DO_NACK_STOP                     text34       00FF7
_do_I2C_DO_NACK_STOP$intlevel0           text34       00FFA
_do_I2C_IDLE                             text44       007D1
_do_I2C_IDLE$intlevel0                   text44       007D4
_do_I2C_RCEN                             text37       00F63
_do_I2C_RCEN$intlevel0                   text37       00F66
_do_I2C_RESET                            text44       007DA
_do_I2C_RESET$intlevel0                  text44       007DD
_do_I2C_RX                               text34       00F87
_do_I2C_RX$intlevel0                     text34       00F8A
_do_I2C_SEND_ADR_READ                    text39       007E7
_do_I2C_SEND_ADR_READ$intlevel0          text39       007EA
_do_I2C_SEND_ADR_WRITE                   text38       00F6F
_do_I2C_SEND_ADR_WRITE$intlevel0         text38       00F72
_do_I2C_SEND_RESTART                     text33       007AC
_do_I2C_SEND_RESTART$intlevel0           text33       007AF
_do_I2C_SEND_RESTART_READ                text33       00799
_do_I2C_SEND_RESTART_READ$intlevel0      text33       0079C
_do_I2C_SEND_RESTART_WRITE               text33       006F3
_do_I2C_SEND_RESTART_WRITE$intlevel0     text33       006F6
_do_I2C_SEND_STOP                        text33       007A1
_do_I2C_SEND_STOP$intlevel0              text33       007A4
_do_I2C_TX                               text33       006F8
_do_I2C_TX$870                           cstackBANK0  00028
_do_I2C_TX$intlevel0                     text33       006FB
_do_I2C_TX_EMPTY                         text33       006AD
_do_I2C_TX_EMPTY$intlevel0               text33       006B0
_fan_Initialize                          cinit        003EE
_fan_setSpeed                            cinit        003C0
_fan_write                               cinit        003D6
_fsmStateTable                           dataBANK1    000A0
_i2c1_driver_TXData                      text49       00000
_i2c1_driver_busCollisionISR             bssBANK0     0005D
_i2c1_driver_clearBusCollision           text115      00000
_i2c1_driver_getRXData                   text50       00000
_i2c1_driver_i2cISR                      bssBANK0     0005B
_i2c1_driver_isNACK                      cinit        0061A
_i2c1_driver_open                        cinit        00649
_i2c1_driver_resetBus                    text52       00000
_i2c1_driver_restart                     text33       0079E
_i2c1_driver_sendACK                     text67       00000
_i2c1_driver_sendNACK                    text34       00FFC
_i2c1_driver_setBusCollisionISR          text23       00000
_i2c1_driver_setI2cISR                   text22       00000
_i2c1_driver_start                       text68       00000
_i2c1_driver_startRX                     text53       00000
_i2c1_driver_stop                        text33       007A6
_i2c_ISR                                 cinit        005FB
_i2c_ISR$intlevel0                       cinit        005FE
_i2c_busCollisionISR                     text114      007FC
_i2c_close                               cinit        004D4
_i2c_masterOperation                     cinit        005C1
_i2c_masterWrite                         cinit        00500
_i2c_open                                cinit        00502
_i2c_poller                              text28       00000
_i2c_read1ByteRegister                   cinit        0049D
_i2c_restartWrite                        text60       00F3D
_i2c_restartWrite$intlevel0              text60       00F40
_i2c_setAddressNACKCallback              cinit        00547
_i2c_setBuffer                           cinit        004E6
_i2c_setDataCompleteCallback             cinit        004F8
_i2c_status                              bssBANK1     000C0
_i2c_write1ByteRegister                  cinit        00478
_inlined$_i2c1_driver_TXData             (abs)        00001
_inlined$_i2c1_driver_clearBusCollision  (abs)        00001
_inlined$_i2c1_driver_getRXData          (abs)        00001
_inlined$_i2c1_driver_isNACK             (abs)        00001
_inlined$_i2c1_driver_resetBus           (abs)        00001
_inlined$_i2c1_driver_sendACK            (abs)        00001
_inlined$_i2c1_driver_setBusCollisionISR (abs)        00001
_inlined$_i2c1_driver_setI2cISR          (abs)        00001
_inlined$_i2c1_driver_start              (abs)        00001
_inlined$_i2c1_driver_startRX            (abs)        00001
_inlined$_i2c_poller                     (abs)        00001
_inlined$_mssp1_IRQisEnabled             (abs)        00001
_inlined$_mssp1_clearIRQ                 (abs)        00001
_inlined$_mssp1_disableIRQ               (abs)        00001
_inlined$_mssp1_setIRQ                   (abs)        00001
_inlined$_mssp1_waitForEvent             (abs)        00001
_inlined$i1_i2c1_driver_TXData           (abs)        00001
_inlined$i1_i2c1_driver_getRXData        (abs)        00001
_inlined$i1_i2c1_driver_isNACK           (abs)        00001
_inlined$i1_i2c1_driver_resetBus         (abs)        00001
_inlined$i1_i2c1_driver_restart          (abs)        00001
_inlined$i1_i2c1_driver_sendACK          (abs)        00001
_inlined$i1_i2c1_driver_sendNACK         (abs)        00001
_inlined$i1_i2c1_driver_startRX          (abs)        00001
_inlined$i1_i2c1_driver_stop             (abs)        00001
_inlined$i1_mssp1_clearIRQ               (abs)        00001
_inlined$i1_mssp1_setIRQ                 (abs)        00001
_main                                    cinit        0003E
_mssp1_IRQisEnabled                      text27       00000
_mssp1_clearIRQ                          cinit        00617
_mssp1_disableIRQ                        text70       00000
_mssp1_setIRQ                            text47       00000
_mssp1_waitForEvent                      text29       00000
_rd1RegCompleteHandler                   cinit        00431
_rd1RegCompleteHandler$intlevel0         cinit        00434
_rd2RegCompleteHandler                   cinit        00421
_rd2RegCompleteHandler$intlevel0         cinit        00424
_rdBlkRegCompleteHandler                 cinit        00461
_rdBlkRegCompleteHandler$intlevel0       cinit        00464
_returnReset                             text54       00F47
_returnReset$intlevel0                   text54       00F4A
_returnStop                              text55       00F42
_returnStop$intlevel0                    text55       00F45
_setCallBack                             cinit        0054F
_wr1RegCompleteHandler                   cinit        00441
_wr1RegCompleteHandler$intlevel0         cinit        00444
_wr2RegCompleteHandler                   cinit        00451
_wr2RegCompleteHandler$intlevel0         cinit        00454
btemp                                    (abs)        0007E
clear_ram0                               clrtext      00F4C
end_of_initialization                    cinit        0003B
fan_setSpeed@speed                       cstackBANK0  00031
fan_write@data                           cstackBANK0  0002F
fan_write@reg                            cstackBANK0  00030
i1_do_I2C_DO_ACK                         text36       00F5F
i1_do_I2C_DO_ADDRESS_NACK                text33       00691
i1_do_I2C_DO_NACK_RESTART                text34       00FF3
i1_do_I2C_DO_NACK_STOP                   text34       00FEF
i1_do_I2C_IDLE                           text44       007D5
i1_do_I2C_RCEN                           text37       00F6A
i1_do_I2C_RESET                          text44       007DE
i1_do_I2C_RX                             text34       00FBB
i1_do_I2C_SEND_ADR_READ                  text39       007F3
i1_do_I2C_SEND_ADR_WRITE                 text38       00F7A
i1_do_I2C_SEND_RESTART                   text33       007A9
i1_do_I2C_SEND_RESTART_READ              text33       00790
i1_do_I2C_SEND_RESTART_WRITE             text33       00793
i1_do_I2C_SEND_STOP                      text33       00796
i1_do_I2C_TX                             text33       00746
i1_do_I2C_TX$870                         cstackCOMMON 00078
i1_do_I2C_TX_EMPTY                       text33       006D0
i1_i2c1_driver_TXData                    text95       00000
i1_i2c1_driver_getRXData                 text96       00000
i1_i2c1_driver_isNACK                    text94       00000
i1_i2c1_driver_resetBus                  text98       00000
i1_i2c1_driver_restart                   text112      00000
i1_i2c1_driver_sendACK                   text113      00000
i1_i2c1_driver_sendNACK                  text97       00000
i1_i2c1_driver_startRX                   text99       00000
i1_i2c1_driver_stop                      text111      00000
i1_i2c_ISR                               cinit        00627
i1_i2c_restartWrite                      text60       00F41
i1_i2c_setBuffer                         cinit        0058C
i1_i2c_setDataCompleteCallback           cinit        00598
i1_mssp1_clearIRQ                        text76       00000
i1_mssp1_setIRQ                          text93       00000
i1_rd1RegCompleteHandler                 cinit        0040B
i1_rd2RegCompleteHandler                 cinit        00400
i1_rdBlkRegCompleteHandler               cinit        0057A
i1_returnReset                           text54       00F4B
i1_returnStop                            text55       00F46
i1_setCallBack                           cinit        005A1
i1_wr1RegCompleteHandler                 cinit        00416
i1_wr2RegCompleteHandler                 cinit        0056F
i1i2c1_driver_TXData@d                   cstackCOMMON 00070
i1i2c_setBuffer@buffer                   cstackCOMMON 00072
i1i2c_setBuffer@bufferSize               cstackCOMMON 00070
i1i2c_setDataCompleteCallback@cb         cstackCOMMON 00074
i1i2c_setDataCompleteCallback@p          cstackCOMMON 00076
i1rd1RegCompleteHandler@p                cstackCOMMON 00077
i1rd2RegCompleteHandler@p                cstackCOMMON 00077
i1rdBlkRegCompleteHandler@p              cstackCOMMON 00077
i1returnReset@p                          cstackCOMMON 00077
i1returnStop@p                           cstackCOMMON 00077
i1setCallBack@cb                         cstackCOMMON 00070
i1setCallBack@idx                        cstackCOMMON 00073
i1setCallBack@p                          cstackCOMMON 00072
i1wr1RegCompleteHandler@p                cstackCOMMON 00077
i1wr2RegCompleteHandler@p                cstackCOMMON 00077
i2c1_driver_TXData@d                     cstackBANK0  00020
i2c1_driver_setBusCollisionISR@f         cstackBANK0  00020
i2c1_driver_setI2cISR@f                  cstackBANK0  00020
i2c_close@ret                            cstackBANK0  00020
i2c_masterOperation@read                 cstackBANK0  0002A
i2c_masterOperation@ret                  cstackBANK0  0002B
i2c_open@address                         cstackBANK0  00022
i2c_open@ret                             cstackBANK0  00023
i2c_read1ByteRegister@address            cstackBANK0  0002D
i2c_read1ByteRegister@d2                 cstackBANK0  00031
i2c_read1ByteRegister@e                  cstackBANK0  0002E
i2c_read1ByteRegister@reg                cstackBANK0  0002C
i2c_read1ByteRegister@x                  cstackBANK0  0002F
i2c_setAddressNACKCallback@cb            cstackBANK0  00024
i2c_setAddressNACKCallback@p             cstackBANK0  00026
i2c_setBuffer@buffer                     cstackBANK0  00022
i2c_setBuffer@bufferSize                 cstackBANK0  00020
i2c_setDataCompleteCallback@cb           cstackBANK0  00024
i2c_setDataCompleteCallback@p            cstackBANK0  00026
i2c_write1ByteRegister@address           cstackBANK0  0002E
i2c_write1ByteRegister@data              cstackBANK0  0002D
i2c_write1ByteRegister@reg               cstackBANK0  0002C
init_ram                                 inittext     00F52
int$flags                                (abs)        0007E
intlevel0                                functab      00000
intlevel1                                functab      00000
intlevel2                                functab      00000
intlevel3                                functab      00000
intlevel4                                functab      00000
intlevel5                                functab      00000
main@factor                              cstackBANK0  00052
main@setSpeed                            cstackBANK0  00055
main@temperature                         cstackBANK0  00058
mssp1_waitForEvent@timeout               cstackBANK0  00020
rd1RegCompleteHandler@p                  cstackBANK0  00027
rd2RegCompleteHandler@p                  cstackBANK0  00027
rdBlkRegCompleteHandler@p                cstackBANK0  00027
reset_vec                                reset_vec    00000
returnReset@p                            cstackBANK0  00027
returnStop@p                             cstackBANK0  00027
setCallBack@cb                           cstackBANK0  00020
setCallBack@idx                          cstackBANK0  00023
setCallBack@p                            cstackBANK0  00022
stackhi                                  (abs)        023EF
stacklo                                  (abs)        0208D
start                                    init         00021
start_initialization                     cinit        00023
wr1RegCompleteHandler@p                  cstackBANK0  00027
wr2RegCompleteHandler@p                  cstackBANK0  00027
wtemp0                                   (abs)        0007E


FUNCTION INFORMATION:

 *************** function _main *****************
 Defined at:
		line 57 in file "main.c"
 Parameters:    Size  Location     Type
		None
 Auto vars:     Size  Location     Type
  setSpeed        3   53[BANK0 ] float 
  factor          3   50[BANK0 ] float 
  temperature     3   56[BANK0 ] float 
 Return value:  Size  Location     Type
                  1    wreg      void 
 Registers used:
		wreg, fsr0l, fsr0h, fsr1l, fsr1h, status,2, status,0, pclath, cstack
 Tracked objects:
		On entry : 
		On exit  : 
		Unchanged: 
 Data sizes:     COMMON   BANK0   BANK1   BANK2   BANK3   BANK4   BANK5   BANK6   BANK7   BANK8   BANK9  BANK10  BANK11  BANK12
      Params:         0       0       0       0       0       0       0       0       0       0       0       0       0       0
      Locals:         0       9       0       0       0       0       0       0       0       0       0       0       0       0
      Temps:          0       0       0       0       0       0       0       0       0       0       0       0       0       0
      Totals:         0       9       0       0       0       0       0       0       0       0       0       0       0       0
Total ram usage:        9 bytes
 Hardware stack levels required when called:   19
 This function calls:
		_SYSTEM_Initialize
		_Thermo5_ReadTemperature
		___ftadd
		___ftdiv
		___ftge
		___ftmul
		___ftsub
		___fttol
		_fan_setSpeed
 This function is called by:
		Startup code after reset
 This function uses a non-reentrant model


 *************** function _fan_setSpeed *****************
 Defined at:
		line 66 in file "mcc_generated_files/fanDrivers/fan.c"
 Parameters:    Size  Location     Type
  speed           2   17[BANK0 ] unsigned int 
 Auto vars:     Size  Location     Type
		None
 Return value:  Size  Location     Type
                  1    wreg      void 
 Registers used:
		wreg, fsr0l, fsr0h, fsr1l, fsr1h, status,2, status,0, pclath, cstack
 Tracked objects:
		On entry : 
		On exit  : 
		Unchanged: 
 Data sizes:     COMMON   BANK0   BANK1   BANK2   BANK3   BANK4   BANK5   BANK6   BANK7   BANK8   BANK9  BANK10  BANK11  BANK12
      Params:         0       2       0       0       0       0       0       0       0       0       0       0       0       0
      Locals:         0       0       0       0       0       0       0       0       0       0       0       0       0       0
      Temps:          0       2       0       0       0       0       0       0       0       0       0       0       0       0
      Totals:         0       4       0       0       0       0       0       0       0       0       0       0       0       0
Total ram usage:        4 bytes
 Hardware stack levels used:    1
 Hardware stack levels required when called:   16
 This function calls:
		_fan_write
 This function is called by:
		_main
 This function uses a non-reentrant model


 *************** function ___fttol *****************
 Defined at:
		line 44 in file "C:\Program Files (x86)\Microchip\xc8\v1.42\sources\common\fttol.c"
 Parameters:    Size  Location     Type
  f1              3    0[BANK0 ] float 
 Auto vars:     Size  Location     Type
  lval            4    8[BANK0 ] unsigned long 
  exp1            1   12[BANK0 ] unsigned char 
  sign1           1    7[BANK0 ] unsigned char 
 Return value:  Size  Location     Type
                  4    0[BANK0 ] long 
 Registers used:
		wreg, status,2, status,0
 Tracked objects:
		On entry : 
		On exit  : 
		Unchanged: 
 Data sizes:     COMMON   BANK0   BANK1   BANK2   BANK3   BANK4   BANK5   BANK6   BANK7   BANK8   BANK9  BANK10  BANK11  BANK12
      Params:         0       4       0       0       0       0       0       0       0       0       0       0       0       0
      Locals:         0       6       0       0       0       0       0       0       0       0       0       0       0       0
      Temps:          0       3       0       0       0       0       0       0       0       0       0       0       0       0
      Totals:         0      13       0       0       0       0       0       0       0       0       0       0       0       0
Total ram usage:       13 bytes
 Hardware stack levels used:    1
 Hardware stack levels required when called:    6
 This function calls:
		Nothing
 This function is called by:
		_main
 This function uses a non-reentrant model


 *************** function ___ftsub *****************
 Defined at:
		line 18 in file "C:\Program Files (x86)\Microchip\xc8\v1.42\sources\common\ftsub.c"
 Parameters:    Size  Location     Type
  f2              3   23[BANK0 ] float 
  f1              3   26[BANK0 ] float 
 Auto vars:     Size  Location     Type
		None
 Return value:  Size  Location     Type
                  3   23[BANK0 ] float 
 Registers used:
		wreg, status,2, status,0, pclath, cstack
 Tracked objects:
		On entry : 
		On exit  : 
		Unchanged: 
 Data sizes:     COMMON   BANK0   BANK1   BANK2   BANK3   BANK4   BANK5   BANK6   BANK7   BANK8   BANK9  BANK10  BANK11  BANK12
      Params:         0       6       0       0       0       0       0       0       0       0       0       0       0       0
      Locals:         0       0       0       0       0       0       0       0       0       0       0       0       0       0
      Temps:          0       0       0       0       0       0       0       0       0       0       0       0       0       0
      Totals:         0       6       0       0       0       0       0       0       0       0       0       0       0       0
Total ram usage:        6 bytes
 Hardware stack levels used:    1
 Hardware stack levels required when called:    8
 This function calls:
		___ftadd
 This function is called by:
		_main
 This function uses a non-reentrant model


 *************** function ___ftadd *****************
 Defined at:
		line 86 in file "C:\Program Files (x86)\Microchip\xc8\v1.42\sources\common\ftadd.c"
 Parameters:    Size  Location     Type
  f1              3    8[BANK0 ] float 
  f2              3   11[BANK0 ] float 
 Auto vars:     Size  Location     Type
  exp1            1   19[BANK0 ] unsigned char 
  exp2            1   18[BANK0 ] unsigned char 
  sign            1   17[BANK0 ] unsigned char 
 Return value:  Size  Location     Type
                  3    8[BANK0 ] float 
 Registers used:
		wreg, status,2, status,0, pclath, cstack
 Tracked objects:
		On entry : 
		On exit  : 
		Unchanged: 
 Data sizes:     COMMON   BANK0   BANK1   BANK2   BANK3   BANK4   BANK5   BANK6   BANK7   BANK8   BANK9  BANK10  BANK11  BANK12
      Params:         0       6       0       0       0       0       0       0       0       0       0       0       0       0
      Locals:         0       3       0       0       0       0       0       0       0       0       0       0       0       0
      Temps:          0       3       0       0       0       0       0       0       0       0       0       0       0       0
      Totals:         0      12       0       0       0       0       0       0       0       0       0       0       0       0
Total ram usage:       12 bytes
 Hardware stack levels used:    1
 Hardware stack levels required when called:    7
 This function calls:
		___ftpack
 This function is called by:
		_main
		___ftsub
 This function uses a non-reentrant model


 *************** function ___ftmul *****************
 Defined at:
		line 62 in file "C:\Program Files (x86)\Microchip\xc8\v1.42\sources\common\ftmul.c"
 Parameters:    Size  Location     Type
  f1              3    8[BANK0 ] float 
  f2              3   11[BANK0 ] float 
 Auto vars:     Size  Location     Type
  f3_as_produc    3   18[BANK0 ] unsigned um
  sign            1   22[BANK0 ] unsigned char 
  cntr            1   21[BANK0 ] unsigned char 
  exp             1   17[BANK0 ] unsigned char 
 Return value:  Size  Location     Type
                  3    8[BANK0 ] float 
 Registers used:
		wreg, status,2, status,0, pclath, cstack
 Tracked objects:
		On entry : 
		On exit  : 
		Unchanged: 
 Data sizes:     COMMON   BANK0   BANK1   BANK2   BANK3   BANK4   BANK5   BANK6   BANK7   BANK8   BANK9  BANK10  BANK11  BANK12
      Params:         0       6       0       0       0       0       0       0       0       0       0       0       0       0
      Locals:         0       6       0       0       0       0       0       0       0       0       0       0       0       0
      Temps:          0       3       0       0       0       0       0       0       0       0       0       0       0       0
[...]
 Tracked objects:
		On entry : 
		On exit  : 
		Unchanged: 
 Data sizes:     COMMON   BANK0   BANK1   BANK2   BANK3   BANK4   BANK5   BANK6   BANK7   BANK8   BANK9  BANK10  BANK11  BANK12
      Params:         3       0       0       0       0       0       0       0       0       0       0       0       0       0
      Locals:         0       0       0       0       0       0       0       0       0       0       0       0       0       0
      Temps:          0       0       0       0       0       0       0       0       0       0       0       0       0       0
      Totals:         3       0       0       0       0       0       0       0       0       0       0       0       0       0
Total ram usage:        3 bytes
 Hardware stack levels used:    1
 Hardware stack levels required when called:    1
 This function calls:
		i1_setCallBack
 This function is called by:
		i1_wr1RegCompleteHandler
		i1_rd1RegCompleteHandler
		i1_rd2RegCompleteHandler
		i1_wr2RegCompleteHandler
		i1_rdBlkRegCompleteHandler
 This function uses a non-reentrant model


 *************** function i1_setCallBack *****************
 Defined at:
		line 453 in file "mcc_generated_files/drivers/i2c_master.c"
 Parameters:    Size  Location     Type
  idx             1    wreg     enum E14613
  cb              2    0[COMMON] PTR FTN(PTR void ,)enum 
		 -> rdBlkRegCompleteHandler(1), wr2RegCompleteHandler(1), rd2RegCompleteHandler(1), rd1RegCompleteHandler(1), 
		 -> i2c_restartWrite(1), Absolute function(1), wr1RegCompleteHandler(1), 
  p               1    2[COMMON] PTR void 
		 -> i2c_readDataBlock@d(4), i2c_write2ByteRegister@data(2), i2c_read2ByteRegister@result(2), i2c_read1ByteRegister@d2(1), 
		 -> i2c_write1ByteRegister@data(1), NULL(0), 
 Auto vars:     Size  Location     Type
  idx             1    3[COMMON] enum E14613
 Return value:  Size  Location     Type
                  1    wreg      void 
 Registers used:
		wreg, fsr1l, fsr1h, status,2, status,0
 Tracked objects:
		On entry : 
		On exit  : 
		Unchanged: 
 Data sizes:     COMMON   BANK0   BANK1   BANK2   BANK3   BANK4   BANK5   BANK6   BANK7   BANK8   BANK9  BANK10  BANK11  BANK12
      Params:         3       0       0       0       0       0       0       0       0       0       0       0       0       0
      Locals:         1       0       0       0       0       0       0       0       0       0       0       0       0       0
      Temps:          0       0       0       0       0       0       0       0       0       0       0       0       0       0
      Totals:         4       0       0       0       0       0       0       0       0       0       0       0       0       0
Total ram usage:        4 bytes
 Hardware stack levels used:    1
 This function calls:
		Nothing
 This function is called by:
		i1_i2c_setDataCompleteCallback
 This function uses a non-reentrant model


 *************** function i1_i2c_setBuffer *****************
 Defined at:
		line 184 in file "mcc_generated_files/drivers/i2c_master.c"
 Parameters:    Size  Location     Type
  buffer          1    wreg     PTR void 
		 -> i2c_readDataBlock@reg(1), i2c_readDataBlock@d(4), i2c_write2ByteRegister@reg(1), i2c_write2ByteRegister@data(2), 
		 -> i2c_read2ByteRegister@reg(1), i2c_read2ByteRegister@result(2), i2c_read1ByteRegister@reg(1), i2c_read1ByteRegister@d2(1), 
		 -> i2c_write1ByteRegister@reg(1), i2c_write1ByteRegister@data(1), NULL(0), 
  bufferSize      2    0[COMMON] unsigned int 
 Auto vars:     Size  Location     Type
  buffer          1    2[COMMON] PTR void 
		 -> i2c_readDataBlock@reg(1), i2c_readDataBlock@d(4), i2c_write2ByteRegister@reg(1), i2c_write2ByteRegister@data(2), 
		 -> i2c_read2ByteRegister@reg(1), i2c_read2ByteRegister@result(2), i2c_read1ByteRegister@reg(1), i2c_read1ByteRegister@d2(1), 
		 -> i2c_write1ByteRegister@reg(1), i2c_write1ByteRegister@data(1), NULL(0), 
 Return value:  Size  Location     Type
                  1    wreg      void 
 Registers used:
		wreg
 Tracked objects:
		On entry : 
		On exit  : 
		Unchanged: 
 Data sizes:     COMMON   BANK0   BANK1   BANK2   BANK3   BANK4   BANK5   BANK6   BANK7   BANK8   BANK9  BANK10  BANK11  BANK12
      Params:         2       0       0       0       0       0       0       0       0       0       0       0       0       0
      Locals:         1       0       0       0       0       0       0       0       0       0       0       0       0       0
      Temps:          0       0       0       0       0       0       0       0       0       0       0       0       0       0
      Totals:         3       0       0       0       0       0       0       0       0       0       0       0       0       0
Total ram usage:        3 bytes
 Hardware stack levels used:    1
 This function calls:
		Nothing
 This function is called by:
		i1_wr1RegCompleteHandler
		i1_rd1RegCompleteHandler
		i1_rd2RegCompleteHandler
		i1_wr2RegCompleteHandler
		i1_rdBlkRegCompleteHandler
 This function uses a non-reentrant model


 *************** function i1_i2c1_driver_stop *****************
 Defined at:
		line 151 in file "mcc_generated_files/i2c1_driver.c"
 Parameters:    Size  Location     Type
		None
 Auto vars:     Size  Location     Type
		None
 Return value:  Size  Location     Type
                  1    wreg      void 
 Registers used:
		None
 Tracked objects:
		On entry : 
		On exit  : 
		Unchanged: 
 Data sizes:     COMMON   BANK0   BANK1   BANK2   BANK3   BANK4   BANK5   BANK6   BANK7   BANK8   BANK9  BANK10  BANK11  BANK12
      Params:         0       0       0       0       0       0       0       0       0       0       0       0       0       0
      Locals:         0       0       0       0       0       0       0       0       0       0       0       0       0       0
      Temps:          0       0       0       0       0       0       0       0       0       0       0       0       0       0
      Totals:         0       0       0       0       0       0       0       0       0       0       0       0       0       0
Total ram usage:        0 bytes
 Hardware stack levels used:    1
 This function calls:
		Nothing
 This function is called by:
		i1_do_I2C_SEND_STOP
 This function uses a non-reentrant model


 *************** function i1_i2c1_driver_restart *****************
 Defined at:
		line 146 in file "mcc_generated_files/i2c1_driver.c"
 Parameters:    Size  Location     Type
		None
 Auto vars:     Size  Location     Type
		None
 Return value:  Size  Location     Type
                  1    wreg      void 
 Registers used:
		None
 Tracked objects:
		On entry : 
		On exit  : 
		Unchanged: 
 Data sizes:     COMMON   BANK0   BANK1   BANK2   BANK3   BANK4   BANK5   BANK6   BANK7   BANK8   BANK9  BANK10  BANK11  BANK12
      Params:         0       0       0       0       0       0       0       0       0       0       0       0       0       0
      Locals:         0       0       0       0       0       0       0       0       0       0       0       0       0       0
      Temps:          0       0       0       0       0       0       0       0       0       0       0       0       0       0
      Totals:         0       0       0       0       0       0       0       0       0       0       0       0       0       0
Total ram usage:        0 bytes
 Hardware stack levels used:    1
 This function calls:
		Nothing
 This function is called by:
		i1_do_I2C_SEND_RESTART_READ
		i1_do_I2C_SEND_RESTART_WRITE
		i1_do_I2C_SEND_RESTART
 This function uses a non-reentrant model


 *************** function i1_i2c1_driver_sendACK *****************
 Defined at:
		line 191 in file "mcc_generated_files/i2c1_driver.c"
 Parameters:    Size  Location     Type
		None
 Auto vars:     Size  Location     Type
		None
 Return value:  Size  Location     Type
                  1    wreg      void 
 Registers used:
		None
 Tracked objects:
		On entry : 
		On exit  : 
		Unchanged: 
 Data sizes:     COMMON   BANK0   BANK1   BANK2   BANK3   BANK4   BANK5   BANK6   BANK7   BANK8   BANK9  BANK10  BANK11  BANK12
      Params:         0       0       0       0       0       0       0       0       0       0       0       0       0       0
      Locals:         0       0       0       0       0       0       0       0       0       0       0       0       0       0
      Temps:          0       0       0       0       0       0       0       0       0       0       0       0       0       0
      Totals:         0       0       0       0       0       0       0       0       0       0       0       0       0       0
Total ram usage:        0 bytes
 Hardware stack levels used:    1
 This function calls:
		Nothing
 This function is called by:
		i1_do_I2C_DO_ACK
		i1_do_I2C_RX
 This function uses a non-reentrant model


 *************** function _i2c_busCollisionISR *****************
 Defined at:
		line 435 in file "mcc_generated_files/drivers/i2c_master.c"
 Parameters:    Size  Location     Type
		None
 Auto vars:     Size  Location     Type
		None
 Return value:  Size  Location     Type
                  1    wreg      void 
 Registers used:
		status,2, status,0, pclath, cstack
 Tracked objects:
		On entry : 
		On exit  : 
		Unchanged: 
 Data sizes:     COMMON   BANK0   BANK1   BANK2   BANK3   BANK4   BANK5   BANK6   BANK7   BANK8   BANK9  BANK10  BANK11  BANK12
      Params:         0       0       0       0       0       0       0       0       0       0       0       0       0       0
      Locals:         0       0       0       0       0       0       0       0       0       0       0       0       0       0
      Temps:          0       0       0       0       0       0       0       0       0       0       0       0       0       0
      Totals:         0       0       0       0       0       0       0       0       0       0       0       0       0       0
Total ram usage:        0 bytes
 Hardware stack levels used:    1
 Hardware stack levels required when called:    1
 This function calls:
		_i2c1_driver_clearBusCollision
 This function is called by:
		_i2c_open
		_INTERRUPT_InterruptManager
 This function uses a non-reentrant model


 *************** function _i2c1_driver_clearBusCollision *****************
 Defined at:
		line 238 in file "mcc_generated_files/i2c1_driver.c"
 Parameters:    Size  Location     Type
		None
 Auto vars:     Size  Location     Type
		None
 Return value:  Size  Location     Type
                  1    wreg      void 
 Registers used:
		None
 Tracked objects:
		On entry : 
		On exit  : 
		Unchanged: 
 Data sizes:     COMMON   BANK0   BANK1   BANK2   BANK3   BANK4   BANK5   BANK6   BANK7   BANK8   BANK9  BANK10  BANK11  BANK12
      Params:         0       0       0       0       0       0       0       0       0       0       0       0       0       0
      Locals:         0       0       0       0       0       0       0       0       0       0       0       0       0       0
      Temps:          0       0       0       0       0       0       0       0       0       0       0       0       0       0
      Totals:         0       0       0       0       0       0       0       0       0       0       0       0       0       0
Total ram usage:        0 bytes
 Hardware stack levels used:    1
 This function calls:
		Nothing
 This function is called by:
		_i2c_busCollisionISR
 This function uses a non-reentrant model



MODULE INFORMATION

Module		Function		Class		Link	Load	Size
C:\Program Files (x86)\Microchip\xc8\v1.42\sources\common\ftmul.c
		___ftmul       		CODE           	0246	0000	93

C:\Program Files (x86)\Microchip\xc8\v1.42\sources\common\ftmul.c estimated size: 93

C:\Program Files (x86)\Microchip\xc8\v1.42\sources\common\ftdiv.c
		___ftdiv       		CODE           	012E	0000	93

C:\Program Files (x86)\Microchip\xc8\v1.42\sources\common\ftdiv.c estimated size: 93

mcc_generated_files/fanDrivers/fan.c
		_fan_Initialize		CODE           	03EE	0000	15
		_fan_write     		CODE           	03D6	0000	7
		_fan_setSpeed  		CODE           	03C0	0000	23

mcc_generated_files/fanDrivers/fan.c estimated size: 45

mcc_generated_files/interrupt_manager.c
		_INTERRUPT_InterruptManager		CODE           	0004	0000	30

mcc_generated_files/interrupt_manager.c estimated size: 30

C:\Program Files (x86)\Microchip\xc8\v1.42\sources\common\fttol.c
		___fttol       		CODE           	036B	0000	86

C:\Program Files (x86)\Microchip\xc8\v1.42\sources\common\fttol.c estimated size: 86

C:\Program Files (x86)\Microchip\xc8\v1.42\sources\common\ftge.c
		___ftge        		CODE           	00BE	0000	45

C:\Program Files (x86)\Microchip\xc8\v1.42\sources\common\ftge.c estimated size: 45

mcc_generated_files/pin_manager.c
		_PIN_MANAGER_Initialize		CODE           	00FA	0000	53

mcc_generated_files/pin_manager.c estimated size: 53

C:\Program Files (x86)\Microchip\xc8\v1.42\sources\common\ftadd.c
		___ftadd       		CODE           	02A2	0000	175

C:\Program Files (x86)\Microchip\xc8\v1.42\sources\common\ftadd.c estimated size: 175

mcc_generated_files/drivers/i2c_simple_master.c
		_wr1RegCompleteHandler		CODE           	0441	0000	17
		_wr2RegCompleteHandler		CODE           	0451	0000	17
		_i2c_write1ByteRegister		CODE           	0478	0000	38
		_rdBlkRegCompleteHandler		CODE           	0461	0000	24
		_i2c_read1ByteRegister		CODE           	049D	0000	56
		_rd1RegCompleteHandler		CODE           	0431	0000	17
		_rd2RegCompleteHandler		CODE           	0421	0000	17

mcc_generated_files/drivers/i2c_simple_master.c estimated size: 186

C:\Program Files (x86)\Microchip\xc8\v1.42\sources\common\lwtoft.c
		___lwtoft      		CODE           	01F8	0000	17

C:\Program Files (x86)\Microchip\xc8\v1.42\sources\common\lwtoft.c estimated size: 17

shared
		i1_returnReset 		CODE           	0F4B	0000	2
		PL259          		CODE           	0667	0000	7
		i1_do_I2C_SEND_ADR_READ		CODE           	07F3	0000	10
		i1_do_I2C_DO_NACK_STOP		CODE           	0FEF	0000	5
		i1_mssp1_clearIRQ		CODE           	0000	0000	1
		i1_setCallBack 		CODE           	05A1	0000	33
		i1_do_I2C_SEND_RESTART		CODE           	07A9	0000	4
		i1_i2c_restartWrite		CODE           	0F41	0000	2
		i1_do_I2C_TX_EMPTY		CODE           	06D0	0000	36
		i1_do_I2C_DO_NACK_RESTART		CODE           	0FF3	0000	5
		i1_do_I2C_SEND_RESTART_READ		CODE           	0790	0000	4
		i1_do_I2C_DO_ADDRESS_NACK		CODE           	0691	0000	29
		i1_rd1RegCompleteHandler		CODE           	040B	0000	12
		i1_do_I2C_RX   		CODE           	0FBB	0000	53
		i1_do_I2C_TX   		CODE           	0746	0000	75
		PL261          		CODE           	066D	0000	5
		i1_i2c_ISR     		CODE           	0627	0000	35
		i1_i2c1_driver_sendNACK		CODE           	0000	0000	1
		i1_do_I2C_IDLE 		CODE           	07D5	0000	6
		i1_do_I2C_RCEN 		CODE           	0F6A	0000	6
		i1_i2c1_driver_isNACK		CODE           	0000	0000	1
		__initialization		CODE           	0023	0000	25
		i1_mssp1_setIRQ		CODE           	0000	0000	1
		i1_i2c1_driver_restart		CODE           	0000	0000	1
		PL253          		CODE           	0653	0000	8
		i1_i2c1_driver_stop		CODE           	0000	0000	1
		i1_rd2RegCompleteHandler		CODE           	0400	0000	12
		i1_i2c_setDataCompleteCallback		CODE           	0598	0000	10
		PL263          		CODE           	07E3	0000	5
		i1_do_I2C_RESET		CODE           	07DE	0000	6
		i1_i2c1_driver_startRX		CODE           	0000	0000	1
		i1_i2c1_driver_resetBus		CODE           	0000	0000	1
		i1_i2c1_driver_sendACK		CODE           	0000	0000	1
		PL255          		CODE           	065A	0000	8
		i1_do_I2C_SEND_RESTART_WRITE		CODE           	0793	0000	4
		PL265          		CODE           	0671	0000	5
		i1_do_I2C_DO_ACK		CODE           	0F5F	0000	5
		i1_do_I2C_SEND_ADR_WRITE		CODE           	0F7A	0000	9
		i1_i2c1_driver_getRXData		CODE           	0000	0000	1
		i1_wr1RegCompleteHandler		CODE           	0416	0000	12
		i1_do_I2C_SEND_STOP		CODE           	0796	0000	4
		i1_i2c1_driver_TXData		CODE           	0000	0000	1
		PL257          		CODE           	0661	0000	7
		i1_i2c_setBuffer		CODE           	058C	0000	13
		i1_rdBlkRegCompleteHandler		CODE           	057A	0000	19
		i1_wr2RegCompleteHandler		CODE           	056F	0000	12
		i1_returnStop  		CODE           	0F46	0000	2

shared estimated size: 506

mcc_generated_files/mcc.c
		_OSCILLATOR_Initialize		CODE           	00F1	0000	10
		_SYSTEM_Initialize		CODE           	00EA	0000	8

mcc_generated_files/mcc.c estimated size: 18

mcc_generated_files/Thermo5Drivers/Thermo5.c
		_Thermo5_SetHysteresis		CODE           	03FC	0000	5
		_Thermo5_Initialize		CODE           	03DC	0000	13
		_Thermo5_ReadTemperature		CODE           	018A	0000	105
		_Read_Thermo_Register		CODE           	01F2	0000	7
		_Write_Thermo_Register		CODE           	03E8	0000	7

mcc_generated_files/Thermo5Drivers/Thermo5.c estimated size: 137

C:\Program Files (x86)\Microchip\xc8\v1.42\sources\common\ftsub.c
		___ftsub       		CODE           	0350	0000	28

C:\Program Files (x86)\Microchip\xc8\v1.42\sources\common\ftsub.c estimated size: 28

C:\Program Files (x86)\Microchip\xc8\v1.42\sources\common\float.c
		___ftpack      		CODE           	0208	0000	63

C:\Program Files (x86)\Microchip\xc8\v1.42\sources\common\float.c estimated size: 63

mcc_generated_files/drivers/i2c_master.c
		_i2c_setDataCompleteCallback		CODE           	04F8	0000	9
		_returnStop    		CODE           	0F42	0000	5
		_i2c_setBuffer 		CODE           	04E6	0000	19
		_i2c_busCollisionISR		CODE           	07FC	0000	4
		_i2c_ISR       		CODE           	05FB	0000	29
		_i2c_close     		CODE           	04D4	0000	19
		_i2c_masterOperation		CODE           	05C1	0000	59
		_do_I2C_TX_EMPTY		CODE           	06AD	0000	36
		_setCallBack   		CODE           	054F	0000	33
		_returnReset   		CODE           	0F47	0000	5
		_do_I2C_SEND_RESTART_WRITE		CODE           	06F3	0000	6
		_i2c_poller    		CODE           	0000	0000	1
		_i2c_masterWrite		CODE           	0500	0000	3
		_do_I2C_DO_NACK_RESTART		CODE           	0F82	0000	6
		_do_I2C_SEND_RESTART_READ		CODE           	0799	0000	6
		_i2c_setAddressNACKCallback		CODE           	0547	0000	9
		_do_I2C_SEND_ADR_WRITE		CODE           	0F6F	0000	12
		_do_I2C_SEND_STOP		CODE           	07A1	0000	6
		_i2c_open      		CODE           	0502	0000	70
		_do_I2C_SEND_ADR_READ		CODE           	07E7	0000	13
		_do_I2C_DO_NACK_STOP		CODE           	0FF7	0000	6
		_do_I2C_SEND_RESTART		CODE           	07AC	0000	6
		_do_I2C_RX     		CODE           	0F87	0000	53
		_do_I2C_TX     		CODE           	06F8	0000	79
		_do_I2C_IDLE   		CODE           	07D1	0000	5
		_do_I2C_RCEN   		CODE           	0F63	0000	8
		_do_I2C_DO_ADDRESS_NACK		CODE           	0675	0000	29
		_do_I2C_RESET  		CODE           	07DA	0000	5
		_do_I2C_DO_ACK 		CODE           	0F58	0000	8

mcc_generated_files/drivers/i2c_master.c estimated size: 549

mcc_generated_files/drivers/i2c_types.c
		_i2c_restartWrite		CODE           	0F3D	0000	5

mcc_generated_files/drivers/i2c_types.c estimated size: 5

mcc_generated_files/i2c1_driver.c
		_mssp1_waitForEvent		CODE           	0000	0000	1
		_i2c1_driver_open		CODE           	0649	0000	11
		_mssp1_disableIRQ		CODE           	0000	0000	1
		_i2c1_driver_isNACK		CODE           	061A	0000	14
		_i2c1_driver_stop		CODE           	07A6	0000	4
		_i2c1_driver_getRXData		CODE           	0000	0000	1
		_i2c1_driver_TXData		CODE           	0000	0000	1
		_i2c1_driver_setBusCollisionISR		CODE           	0000	0000	1
		_i2c1_driver_start		CODE           	0000	0000	1
		_i2c1_driver_sendACK		CODE           	0000	0000	1
		_mssp1_setIRQ  		CODE           	0000	0000	1
		_i2c1_driver_sendNACK		CODE           	0FFC	0000	5
		_i2c1_driver_restart		CODE           	079E	0000	4
		_i2c1_driver_resetBus		CODE           	0000	0000	1
		_i2c1_driver_clearBusCollision		CODE           	0000	0000	1
		_mssp1_clearIRQ		CODE           	0617	0000	4
		_i2c1_driver_startRX		CODE           	0000	0000	1
		_i2c1_driver_setI2cISR		CODE           	0000	0000	1
		_mssp1_IRQisEnabled		CODE           	0000	0000	1

mcc_generated_files/i2c1_driver.c estimated size: 55

main.c
		_main          		CODE           	003E	0000	129

main.c estimated size: 129

